// Jest Snapshot v1, https://goo.gl/fbAQLP

exports[`>>> components/base/ParagraphComponent.tsx --- Snapshot +++ should match snapshot 1`] = `
<div
  className="MuiGrid-root MuiGrid-container MuiGrid-align-items-xs-center"
>
  <div
    className="MuiGrid-root MuiGrid-item"
  >
    <p
      className="MuiTypography-root makeStyles-spacing-1 makeStyles-typography-2 MuiTypography-body1"
      id="mock-id"
    >
      Here goes a paragraph
    </p>
  </div>
</div>
`;
