// Jest Snapshot v1, https://goo.gl/fbAQLP

exports[`Testing functions in ReceiptContainer +++ KAJSDLAS ASD ASD ASD ASD ASD ASD ASD  1`] = `
<svg
  aria-labelledby="olqvtx-aria"
  height={561}
  id={null}
  role="img"
  style={Object {}}
  width={705}
>
  <title
    id="olqvtx-aria"
  >
    Loading...
  </title>
  <rect
    clipPath="url(#olqvtx-diff)"
    height="100%"
    role="presentation"
    style={
      Object {
        "fill": "url(#olqvtx-animated-diff)",
      }
    }
    width="100%"
    x="0"
    y="0"
  />
  <defs
    role="presentation"
  >
    <clipPath
      id="olqvtx-diff"
    >
      <rect
        height="32"
        rx="0"
        ry="0"
        width="442"
        x="12"
        y="11"
      />
      <rect
        height="0"
        rx="0"
        ry="0"
        width="16"
        x="322"
        y="37"
      />
      <rect
        height="10"
        rx="0"
        ry="0"
        width="6"
        x="65"
        y="77"
      />
      <rect
        height="0"
        rx="0"
        ry="0"
        width="0"
        x="304"
        y="85"
      />
      <rect
        height="98"
        rx="0"
        ry="0"
        width="444"
        x="12"
        y="74"
      />
      <rect
        height="26"
        rx="0"
        ry="0"
        width="448"
        x="12"
        y="191"
      />
      <rect
        height="76"
        rx="0"
        ry="0"
        width="610"
        x="12"
        y="245"
      />
      <rect
        height="30"
        rx="0"
        ry="0"
        width="191"
        x="12"
        y="346"
      />
      <rect
        height="31"
        rx="0"
        ry="0"
        width="101"
        x="12"
        y="413"
      />
      <circle
        cx="36"
        cy="474"
        r="25"
      />
      <rect
        height="27"
        rx="0"
        ry="0"
        width="181"
        x="72"
        y="460"
      />
    </clipPath>
    <linearGradient
      id="olqvtx-animated-diff"
    >
      <stop
        offset="0%"
        stopColor="#f5f6f7"
        stopOpacity={1}
      >
        <animate
          attributeName="offset"
          dur="1.2s"
          keyTimes="0; 0.25; 1"
          repeatCount="indefinite"
          values="-2; -2; 1"
        />
      </stop>
      <stop
        offset="50%"
        stopColor="#eee"
        stopOpacity={1}
      >
        <animate
          attributeName="offset"
          dur="1.2s"
          keyTimes="0; 0.25; 1"
          repeatCount="indefinite"
          values="-1; -1; 2"
        />
      </stop>
      <stop
        offset="100%"
        stopColor="#f5f6f7"
        stopOpacity={1}
      >
        <animate
          attributeName="offset"
          dur="1.2s"
          keyTimes="0; 0.25; 1"
          repeatCount="indefinite"
          values="0; 0; 3"
        />
      </stop>
    </linearGradient>
  </defs>
</svg>
`;
