// Jest Snapshot v1, https://goo.gl/fbAQLP

exports[`>>> components/advanced/AddressComponent.tsx snapshot >>> Capture snapshot of AddressComponent 1`] = `
<div
  className="address-component"
>
  <label
    className="a-form-label title-label"
    htmlFor="address_address_mock-id"
  >
    address_component.address
    <span
      className="label-optional"
    >
      (
      general.optional
      )
    </span>
  </label>
  <input
    className="form-control"
    id="address_address_mock-id"
    onBlur={[Function]}
    onChange={[Function]}
    readOnly={false}
    required={false}
    value="adresse 1"
  />
  <div
    className="address-component-postplace-zipCode"
  >
    <div
      className="address-component-zipCode"
    >
      <label
        className="a-form-label title-label"
        htmlFor="address_zip_code_mock-id"
      >
        address_component.zip_code
        <span
          className="label-optional"
        >
          (
          general.optional
          )
        </span>
      </label>
      <input
        className="address-component-small-inputs form-control"
        id="address_zip_code_mock-id"
        onBlur={[Function]}
        onChange={[Function]}
        readOnly={false}
        required={false}
        type="number"
        value=""
      />
    </div>
    <div
      className="address-component-postplace"
    >
      <label
        className="a-form-label title-label"
        htmlFor="address_post_place_mock-id"
      >
        address_component.post_place
      </label>
      <input
        className="form-control disabled"
        id="address_post_place_mock-id"
        readOnly={true}
        value=""
      />
    </div>
  </div>
</div>
`;
