// Jest Snapshot v1, https://goo.gl/fbAQLP

exports[`DataModeling Should match snapshot 1`] = `
<div
  class="makeStyles-root-1"
>
  <div
    class="MuiGrid-root MuiGrid-container"
  >
    <div
      class="MuiGrid-root MuiGrid-item"
    >
      <button
        class="MuiButtonBase-root MuiButton-root MuiButton-contained makeStyles-button-3"
        id="new-button"
        tabindex="0"
        type="button"
      >
        <span
          class="MuiButton-label"
        >
          <span
            class="MuiButton-startIcon MuiButton-iconSizeMedium"
          >
            <svg
              aria-hidden="true"
              class="MuiSvgIcon-root"
              focusable="false"
              viewBox="0 0 24 24"
            >
              <path
                d="M13 7h-2v4H7v2h4v4h2v-4h4v-2h-4V7zm-1-5C6.48 2 2 6.48 2 12s4.48 10 10 10 10-4.48 10-10S17.52 2 12 2zm0 18c-4.41 0-8-3.59-8-8s3.59-8 8-8 8 3.59 8 8-3.59 8-8 8z"
              />
            </svg>
          </span>
          New
        </span>
        <span
          class="MuiTouchRipple-root"
        />
      </button>
    </div>
    <div
      class="MuiGrid-root MuiGrid-item MuiGrid-grid-xs-9"
    >
      <div
        class="makeStyles-select-5 css-2b097c-container"
        id="schema-select-schema"
      >
        <span
          aria-atomic="false"
          aria-live="polite"
          aria-relevant="additions text"
          class="css-1f43avz-a11yText-A11yText"
        />
        <div
          class=" css-yk16xz-control"
        >
          <div
            class=" css-g1d714-ValueContainer"
          >
            <div
              class=" css-1uccc91-singleValue"
            >
              test
            </div>
            <div
              class="css-b8ldur-Input"
            >
              <div
                class=""
                style="display: inline-block;"
              >
                <input
                  aria-autocomplete="list"
                  autocapitalize="none"
                  autocomplete="off"
                  autocorrect="off"
                  id="react-select-2-input"
                  spellcheck="false"
                  style="box-sizing: content-box; width: 2px; border: 0px; opacity: 1; outline: 0; padding: 0px;"
                  tabindex="0"
                  type="text"
                  value=""
                />
                <div
                  style="position: absolute; top: 0px; left: 0px; visibility: hidden; height: 0px; overflow: scroll; white-space: pre; font-family: -webkit-small-control; letter-spacing: normal; text-transform: none;"
                />
              </div>
            </div>
          </div>
          <div
            class=" css-1hb7zxy-IndicatorsContainer"
          >
            <span
              class=" css-1okebmr-indicatorSeparator"
            />
            <div
              aria-hidden="true"
              class=" css-tlfecz-indicatorContainer"
            >
              <svg
                aria-hidden="true"
                class="css-tj5bde-Svg"
                focusable="false"
                height="20"
                viewBox="0 0 20 20"
                width="20"
              >
                <path
                  d="M4.516 7.548c0.436-0.446 1.043-0.481 1.576 0l3.908 3.747 3.908-3.747c0.533-0.481 1.141-0.446 1.574 0 0.436 0.445 0.408 1.197 0 1.615-0.406 0.418-4.695 4.502-4.695 4.502-0.217 0.223-0.502 0.335-0.787 0.335s-0.57-0.112-0.789-0.335c0 0-4.287-4.084-4.695-4.502s-0.436-1.17 0-1.615z"
                />
              </svg>
            </div>
          </div>
        </div>
      </div>
    </div>
    <div
      class="MuiGrid-root MuiGrid-item"
    >
      <button
        class="MuiButtonBase-root MuiButton-root MuiButton-contained makeStyles-button-3"
        id="delete-button"
        tabindex="0"
        type="button"
      >
        <span
          class="MuiButton-label"
        >
          <span
            class="MuiButton-startIcon MuiButton-iconSizeMedium"
          >
            <svg
              aria-hidden="true"
              class="MuiSvgIcon-root"
              focusable="false"
              viewBox="0 0 24 24"
            >
              <path
                d="M6 19c0 1.1.9 2 2 2h8c1.1 0 2-.9 2-2V7H6v12zM8 9h8v10H8V9zm7.5-5l-1-1h-5l-1 1H5v2h14V4z"
              />
            </svg>
          </span>
          Delete
        </span>
        <span
          class="MuiTouchRipple-root"
        />
      </button>
    </div>
  </div>
  <div
    id="schema-editor-container"
  >
    <div
      class="makeStyles-root-19"
    >
      <div
        class="MuiGrid-root MuiGrid-container"
      >
        <div
          class="MuiGrid-root MuiGrid-item MuiGrid-grid-xs-7"
        >
          <div
            class="makeStyles-root-19"
            id="schema-editor"
          >
            <button
              class="makeStyles-button-21"
              type="button"
            >
              Save data model
            </button>
            <ul
              aria-multiselectable="false"
              class="MuiTreeView-root makeStyles-tree-20"
              role="tree"
            >
              <li
                aria-expanded="true"
                class="MuiTreeItem-root Mui-expanded"
                id="properties"
                role="treeitem"
                tabindex="0"
              >
                <div
                  class="MuiTreeItem-content"
                >
                  <div
                    class="MuiTreeItem-iconContainer"
                  >
                    <svg
                      aria-hidden="true"
                      class="MuiSvgIcon-root"
                      focusable="false"
                      viewBox="0 0 24 24"
                    >
                      <path
                        d="M7 10l5 5 5-5z"
                      />
                    </svg>
                  </div>
                  <div
                    class="MuiTypography-root MuiTreeItem-label MuiTypography-body1"
                  >
                    <div
                      style="padding: 5px 0px 5px 0px;"
                    >
                      <span
                        class="makeStyles-iconContainer-22"
                      >
                        <i
                          class="fa fa-datamodel-properties"
                          style="color: white; text-align: center;"
                        />
                      </span>
                       properties
                    </div>
                  </div>
                </div>
                <ul
                  class="MuiCollapse-container MuiTreeItem-group MuiCollapse-entered"
                  role="group"
                  style="min-height: 0px;"
                >
                  <div
                    class="MuiCollapse-wrapper"
                  >
                    <div
                      class="MuiCollapse-wrapperInner"
                    >
                      <li
                        aria-expanded="false"
                        class="MuiTreeItem-root makeStyles-treeItem-47"
                        id="root-schema-item"
                        role="treeitem"
                        tabindex="-1"
                      >
                        <div
                          class="MuiTreeItem-content"
                        >
                          <div
                            class="MuiTreeItem-iconContainer"
                          >
                            <svg
                              aria-hidden="true"
                              class="MuiSvgIcon-root"
                              focusable="false"
                              viewBox="0 0 24 24"
                            >
                              <path
                                d="M10 17l5-5-5-5v10z"
                              />
                            </svg>
                          </div>
                          <div
                            class="MuiTypography-root MuiTreeItem-label MuiTypography-body1"
                          >
                            <div
                              class="makeStyles-labelRoot-39"
                            >
                              <p
                                class="MuiTypography-root makeStyles-label-40 MuiTypography-body1"
                              >
                                <span
                                  class="makeStyles-iconContainer-46"
                                >
                                  <i
                                    class="fa fa-datamodel-object"
                                    style="color: white; text-align: center;"
                                  />
                                </span>
                                 
                                #/properties/melding
                              </p>
                              <button
                                aria-controls="simple-menu"
                                aria-haspopup="true"
                                class="MuiButtonBase-root MuiIconButton-root makeStyles-contextButton-44"
                                id="open-context-menu-button"
                                tabindex="0"
                                type="button"
                              >
                                <span
                                  class="MuiIconButton-label"
                                >
                                  <i
                                    class="fa fa-ellipsismenu"
                                  />
                                </span>
                                <span
                                  class="MuiTouchRipple-root"
                                />
                              </button>
                            </div>
                          </div>
                        </div>
                      </li>
                    </div>
                  </div>
                </ul>
              </li>
              <li
                class="MuiTreeItem-root"
                role="treeitem"
                tabindex="-1"
              >
                <div
                  class="MuiTreeItem-content"
                >
                  <div
                    class="MuiTreeItem-iconContainer"
                  />
                  <div
                    class="MuiTypography-root MuiTreeItem-label MuiTypography-body1"
                  >
                    info
                  </div>
                </div>
              </li>
              <li
                aria-expanded="false"
                class="MuiTreeItem-root"
                role="treeitem"
                tabindex="-1"
              >
                <div
                  class="MuiTreeItem-content"
                >
                  <div
                    class="MuiTreeItem-iconContainer"
                  >
                    <svg
                      aria-hidden="true"
                      class="MuiSvgIcon-root"
                      focusable="false"
                      viewBox="0 0 24 24"
                    >
                      <path
                        d="M10 17l5-5-5-5v10z"
                      />
                    </svg>
                  </div>
                  <div
                    class="MuiTypography-root MuiTreeItem-label MuiTypography-body1"
                  >
                    definitions
                  </div>
                </div>
              </li>
            </ul>
          </div>
        </div>
        <div
          class="MuiGrid-root MuiGrid-item MuiGrid-grid-xs-5"
        >
          <div
            class="makeStyles-root-35"
          >
            <div>
              <p
                class="no-item-selected"
              >
                No item selected
              </p>
              <hr />
            </div>
          </div>
        </div>
      </div>
    </div>
  </div>
</div>
`;
