// Jest Snapshot v1, https://goo.gl/fbAQLP

exports[`syncModal should match snapshot when anchor element is null 1`] = `null`;
