// Jest Snapshot v1, https://goo.gl/fbAQLP

exports[`ResetRepoModal renders the component 1`] = `
<div
  data-testid="reset-repo-container"
/>
`;
