// Jest Snapshot v1, https://goo.gl/fbAQLP

exports[`>>> containers/EditContainer >>> Capture snapshot of EditContainer 1`] = `
<div
  className="MuiGrid-container-20"
>
  <div
    className="MuiGrid-container-20 Connect-Edit--wrapper-18"
  >
    <div
      className="MuiGrid-item-21 MuiGrid-grid-xs-11-59 Connect-Edit--gridWrapper-7"
    >
      <div
        className="Connect-Edit--noOutline-14"
      >
        <li
          className="MuiListItem-root-117 MuiListItem-default-120 MuiListItem-gutters-125 Connect-Edit--formComponent-4"
          disabled={false}
          onClick={[Function]}
          onKeyPress={[Function]}
          tabIndex={0}
        >
          <div
            className="Connect-Edit--textPrimaryDark-16 Connect-Edit--formComponentTitle-6"
          >
            <i
              className="Connect-Edit--icon-19 fa fa-short-answer"
            />
            Input
          </div>
        </li>
      </div>
    </div>
    <div
      className="MuiGrid-item-21 MuiGrid-grid-xs-1-49"
    >
      <div
        className="MuiGrid-container-20 Connect-Edit--gridForBtnSingleActive-11"
      >
        <div
          className="MuiGrid-item-21 MuiGrid-grid-xs-12-60"
        />
        <div
          className="MuiGrid-item-21 MuiGrid-grid-xs-12-60"
        />
      </div>
    </div>
  </div>
</div>
`;
