// Jest Snapshot v1, https://goo.gl/fbAQLP

exports[`>>> AltinnInformationCard--- Snapshot +++ Should match snapshot with all the properties 1`] = `
<div
  className="MuiGrid-root AltinnInformationCard-root-1 MuiGrid-container MuiGrid-direction-xs-column MuiGrid-align-content-xs-center MuiGrid-justify-content-xs-center"
>
  <div
    className="MuiGrid-root AltinnInformationCard-scrollable-7 MuiGrid-container MuiGrid-item MuiGrid-align-content-xs-center MuiGrid-justify-content-xs-center"
  >
    <div
      className="MuiGrid-root AltinnInformationCard-paper-2 AltinnInformationCard-shadowBox-3 MuiGrid-container MuiGrid-item"
    >
      <div
        className="MuiGrid-root MuiGrid-container MuiGrid-item"
      >
        <div
          className="MuiGrid-root MuiGrid-container MuiGrid-item MuiGrid-grid-sm-12 MuiGrid-grid-md-7"
        >
          <div
            className="MuiGrid-root MuiGrid-item"
          >
            <h1
              className="AltinnInformationCard-header-4"
            >
              header
            </h1>
            <p
              className="AltinnInformationCard-subText1-8"
            >
              subtext1
            </p>
            <p
              className="AltinnInformationCard-subText2-9"
            >
              subtext2
            </p>
            <div
              className="AltinnInformationCard-smSpacing-6"
            >
              <a
                className="AltinnInformationCard-link-5"
                href="github.com"
              >
                linktext
                <i
                  className="fa fa-arrowrightup"
                />
              </a>
            </div>
          </div>
        </div>
        <div
          className="MuiGrid-root MuiGrid-container MuiGrid-item MuiGrid-align-content-xs-center MuiGrid-justify-content-xs-center MuiGrid-grid-sm-12 MuiGrid-grid-md-5"
        >
          <img
            alt="information"
            src="string"
          />
        </div>
      </div>
    </div>
  </div>
</div>
`;
