// Jest Snapshot v1, https://goo.gl/fbAQLP

exports[`Should match snapshot (enums): enums 1`] = `
<div
  class="makeStyles-root-1"
>
  <header
    class="MuiPaper-root MuiAppBar-root MuiAppBar-positionStatic MuiAppBar-colorDefault makeStyles-appBar-7 MuiPaper-elevation4"
  >
    <div
      class="MuiTabs-root"
    >
      <div
        class="MuiTabs-scroller MuiTabs-fixed"
        style="overflow: hidden;"
      >
        <div
          aria-label="inspector tabs"
          class="MuiTabs-flexContainer"
          role="tablist"
        >
          <button
            aria-selected="true"
            class="MuiButtonBase-root MuiTab-root Component-root-9 MuiTab-textColorInherit Mui-selected Component-selected-10"
            role="tab"
            tabindex="0"
            type="button"
          >
            <span
              class="MuiTab-wrapper"
            >
              properties
            </span>
            <span
              class="PrivateTabIndicator-root-11 PrivateTabIndicator-colorSecondary-13 MuiTabs-indicator"
            />
          </button>
          <button
            aria-selected="false"
            class="MuiButtonBase-root MuiTab-root Component-root-9 MuiTab-textColorInherit"
            role="tab"
            tabindex="-1"
            type="button"
          >
            <span
              class="MuiTab-wrapper"
            >
              restrictions
            </span>
          </button>
          <button
            aria-selected="false"
            class="MuiButtonBase-root MuiTab-root Component-root-9 MuiTab-textColorInherit"
            hidden=""
            role="tab"
            tabindex="-1"
            type="button"
          >
            <span
              class="MuiTab-wrapper"
            >
              fields
            </span>
          </button>
        </div>
      </div>
    </div>
  </header>
  <div
    class="MuiTabPanel-root"
    role="tabpanel"
  >
    <div>
      <p
        class="makeStyles-name-3"
      >
        name
      </p>
      <div
        class="MuiFormControl-root MuiTextField-root makeStyles-field-6 MuiFormControl-fullWidth"
      >
        <div
          class="MuiInputBase-root MuiInput-root MuiInputBase-fullWidth MuiInput-fullWidth MuiInputBase-formControl MuiInput-formControl"
        >
          <input
            aria-invalid="false"
            class="MuiInputBase-input MuiInput-input"
            id="definitionsStatistiskeEnhetstyper-name"
            placeholder="Name"
            type="text"
            value=""
          />
        </div>
        
      </div>
      <p
        class="makeStyles-header-2"
      >
        object_kind_label
      </p>
      <div
        class="MuiInputBase-root MuiInput-root makeStyles-field-6 MuiInputBase-fullWidth MuiInput-fullWidth"
      >
        <div
          aria-haspopup="listbox"
          aria-labelledby="type-kind-select"
          class="MuiSelect-root MuiSelect-select MuiSelect-selectMenu MuiInputBase-input MuiInput-input"
          id="type-kind-select"
          role="button"
          tabindex="0"
        >
          type
        </div>
        <input
          aria-hidden="true"
          class="MuiSelect-nativeInput"
          tabindex="-1"
          value="type"
        />
        <svg
          aria-hidden="true"
          class="MuiSvgIcon-root MuiSelect-icon"
          focusable="false"
          viewBox="0 0 24 24"
        >
          <path
            d="M7 10l5 5 5-5z"
          />
        </svg>
      </div>
      <p
        class="makeStyles-header-2"
      >
        Type
      </p>
      <div
        class="MuiInputBase-root MuiInput-root makeStyles-root-15 MuiInputBase-fullWidth MuiInput-fullWidth"
      >
        <div
          aria-haspopup="listbox"
          aria-labelledby="definitionsStatistiskeEnhetstyper-type-select"
          class="MuiSelect-root MuiSelect-select MuiSelect-selectMenu MuiInputBase-input MuiInput-input"
          id="definitionsStatistiskeEnhetstyper-type-select"
          role="button"
          tabindex="0"
        >
          <span>
            â€‹
          </span>
        </div>
        <input
          aria-hidden="true"
          class="MuiSelect-nativeInput"
          tabindex="-1"
          value=""
        />
        <svg
          aria-hidden="true"
          class="MuiSvgIcon-root MuiSelect-icon"
          focusable="false"
          viewBox="0 0 24 24"
        >
          <path
            d="M7 10l5 5 5-5z"
          />
        </svg>
      </div>
      <label
        class="MuiFormControlLabel-root makeStyles-header-2"
        id="multiple-answers-checkbox"
      >
        <span
          aria-disabled="false"
          class="MuiButtonBase-root MuiIconButton-root PrivateSwitchBase-root-16 MuiCheckbox-root MuiCheckbox-colorSecondary MuiIconButton-colorSecondary"
        >
          <span
            class="MuiIconButton-label"
          >
            <input
              class="PrivateSwitchBase-input-19"
              data-indeterminate="false"
              name="checkedMultipleAnswers"
              type="checkbox"
              value=""
            />
            <svg
              aria-hidden="true"
              class="MuiSvgIcon-root"
              focusable="false"
              viewBox="0 0 24 24"
            >
              <path
                d="M19 5v14H5V5h14m0-2H5c-1.1 0-2 .9-2 2v14c0 1.1.9 2 2 2h14c1.1 0 2-.9 2-2V5c0-1.1-.9-2-2-2z"
              />
            </svg>
          </span>
        </span>
        <span
          class="MuiTypography-root MuiFormControlLabel-label MuiTypography-body1"
        >
          multiple_answers
        </span>
      </label>
      <hr
        class="makeStyles-divider-4"
      />
      <p
        class="makeStyles-header-2"
      >
        descriptive_fields
      </p>
      <p
        class="makeStyles-header-2"
      >
        title
      </p>
      <div
        class="MuiFormControl-root MuiTextField-root makeStyles-field-6 MuiFormControl-marginNormal MuiFormControl-fullWidth"
      >
        <div
          class="MuiInputBase-root MuiInput-root MuiInputBase-fullWidth MuiInput-fullWidth MuiInputBase-formControl MuiInput-formControl"
        >
          <input
            aria-invalid="false"
            class="MuiInputBase-input MuiInput-input"
            id="definitionsStatistiskeEnhetstyper-title"
            type="text"
            value=""
          />
        </div>
      </div>
      <p
        class="makeStyles-header-2"
      >
        description
      </p>
      <div
        class="MuiFormControl-root MuiTextField-root makeStyles-field-6 MuiFormControl-marginNormal MuiFormControl-fullWidth"
        style="height: 100px;"
      >
        <div
          class="MuiInputBase-root MuiInput-root MuiInputBase-fullWidth MuiInput-fullWidth MuiInputBase-formControl MuiInput-formControl MuiInputBase-multiline MuiInput-multiline"
        >
          <textarea
            aria-invalid="false"
            class="MuiInputBase-input MuiInput-input MuiInputBase-inputMultiline MuiInput-inputMultiline"
            id="definitionsStatistiskeEnhetstyper-description"
            rows="1"
          />
          <textarea
            aria-hidden="true"
            class="MuiInputBase-input MuiInput-input MuiInputBase-inputMultiline MuiInput-inputMultiline"
            readonly=""
            style="visibility: hidden; position: absolute; overflow: hidden; height: 0px; top: 0px; left: 0px; transform: translateZ(0); width: 100%;"
            tabindex="-1"
          />
        </div>
      </div>
    </div>
  </div>
  <div
    class="MuiTabPanel-root"
    hidden=""
    role="tabpanel"
  />
  <div
    class="MuiTabPanel-root"
    hidden=""
    role="tabpanel"
  />
</div>
`;

exports[`Should match snapshot (restrictions): restrictions 1`] = `
<div
  class="makeStyles-root-1"
>
  <header
    class="MuiPaper-root MuiAppBar-root MuiAppBar-positionStatic MuiAppBar-colorDefault makeStyles-appBar-7 MuiPaper-elevation4"
  >
    <div
      class="MuiTabs-root"
    >
      <div
        class="MuiTabs-scroller MuiTabs-fixed"
        style="overflow: hidden;"
      >
        <div
          aria-label="inspector tabs"
          class="MuiTabs-flexContainer"
          role="tablist"
        >
          <button
            aria-selected="true"
            class="MuiButtonBase-root MuiTab-root Component-root-9 MuiTab-textColorInherit Mui-selected Component-selected-10"
            role="tab"
            tabindex="0"
            type="button"
          >
            <span
              class="MuiTab-wrapper"
            >
              properties
            </span>
            <span
              class="PrivateTabIndicator-root-11 PrivateTabIndicator-colorSecondary-13 MuiTabs-indicator"
            />
          </button>
          <button
            aria-selected="false"
            class="MuiButtonBase-root MuiTab-root Component-root-9 MuiTab-textColorInherit"
            role="tab"
            tabindex="-1"
            type="button"
          >
            <span
              class="MuiTab-wrapper"
            >
              restrictions
            </span>
          </button>
          <button
            aria-selected="false"
            class="MuiButtonBase-root MuiTab-root Component-root-9 MuiTab-textColorInherit"
            hidden=""
            role="tab"
            tabindex="-1"
            type="button"
          >
            <span
              class="MuiTab-wrapper"
            >
              fields
            </span>
          </button>
        </div>
      </div>
    </div>
  </header>
  <div
    class="MuiTabPanel-root"
    role="tabpanel"
  >
    <div>
      <p
        class="makeStyles-name-3"
      >
        name
      </p>
      <div
        class="MuiFormControl-root MuiTextField-root makeStyles-field-6 MuiFormControl-fullWidth"
      >
        <div
          class="MuiInputBase-root MuiInput-root MuiInputBase-fullWidth MuiInput-fullWidth MuiInputBase-formControl MuiInput-formControl"
        >
          <input
            aria-invalid="false"
            class="MuiInputBase-input MuiInput-input"
            id="definitionsTekst_09Restriksjon-name"
            placeholder="Name"
            type="text"
            value=""
          />
        </div>
        
      </div>
      <p
        class="makeStyles-header-2"
      >
        object_kind_label
      </p>
      <div
        class="MuiInputBase-root MuiInput-root makeStyles-field-6 MuiInputBase-fullWidth MuiInput-fullWidth"
      >
        <div
          aria-haspopup="listbox"
          aria-labelledby="type-kind-select"
          class="MuiSelect-root MuiSelect-select MuiSelect-selectMenu MuiInputBase-input MuiInput-input"
          id="type-kind-select"
          role="button"
          tabindex="0"
        >
          type
        </div>
        <input
          aria-hidden="true"
          class="MuiSelect-nativeInput"
          tabindex="-1"
          value="type"
        />
        <svg
          aria-hidden="true"
          class="MuiSvgIcon-root MuiSelect-icon"
          focusable="false"
          viewBox="0 0 24 24"
        >
          <path
            d="M7 10l5 5 5-5z"
          />
        </svg>
      </div>
      <p
        class="makeStyles-header-2"
      >
        Type
      </p>
      <div
        class="MuiInputBase-root MuiInput-root makeStyles-root-15 MuiInputBase-fullWidth MuiInput-fullWidth"
      >
        <div
          aria-haspopup="listbox"
          aria-labelledby="definitionsTekst_09Restriksjon-type-select"
          class="MuiSelect-root MuiSelect-select MuiSelect-selectMenu MuiInputBase-input MuiInput-input"
          id="definitionsTekst_09Restriksjon-type-select"
          role="button"
          tabindex="0"
        >
          <span>
            â€‹
          </span>
        </div>
        <input
          aria-hidden="true"
          class="MuiSelect-nativeInput"
          tabindex="-1"
          value=""
        />
        <svg
          aria-hidden="true"
          class="MuiSvgIcon-root MuiSelect-icon"
          focusable="false"
          viewBox="0 0 24 24"
        >
          <path
            d="M7 10l5 5 5-5z"
          />
        </svg>
      </div>
      <label
        class="MuiFormControlLabel-root makeStyles-header-2"
        id="multiple-answers-checkbox"
      >
        <span
          aria-disabled="false"
          class="MuiButtonBase-root MuiIconButton-root PrivateSwitchBase-root-16 MuiCheckbox-root MuiCheckbox-colorSecondary MuiIconButton-colorSecondary"
        >
          <span
            class="MuiIconButton-label"
          >
            <input
              class="PrivateSwitchBase-input-19"
              data-indeterminate="false"
              name="checkedMultipleAnswers"
              type="checkbox"
              value=""
            />
            <svg
              aria-hidden="true"
              class="MuiSvgIcon-root"
              focusable="false"
              viewBox="0 0 24 24"
            >
              <path
                d="M19 5v14H5V5h14m0-2H5c-1.1 0-2 .9-2 2v14c0 1.1.9 2 2 2h14c1.1 0 2-.9 2-2V5c0-1.1-.9-2-2-2z"
              />
            </svg>
          </span>
        </span>
        <span
          class="MuiTypography-root MuiFormControlLabel-label MuiTypography-body1"
        >
          multiple_answers
        </span>
      </label>
      <hr
        class="makeStyles-divider-4"
      />
      <p
        class="makeStyles-header-2"
      >
        descriptive_fields
      </p>
      <p
        class="makeStyles-header-2"
      >
        title
      </p>
      <div
        class="MuiFormControl-root MuiTextField-root makeStyles-field-6 MuiFormControl-marginNormal MuiFormControl-fullWidth"
      >
        <div
          class="MuiInputBase-root MuiInput-root MuiInputBase-fullWidth MuiInput-fullWidth MuiInputBase-formControl MuiInput-formControl"
        >
          <input
            aria-invalid="false"
            class="MuiInputBase-input MuiInput-input"
            id="definitionsTekst_09Restriksjon-title"
            type="text"
            value=""
          />
        </div>
      </div>
      <p
        class="makeStyles-header-2"
      >
        description
      </p>
      <div
        class="MuiFormControl-root MuiTextField-root makeStyles-field-6 MuiFormControl-marginNormal MuiFormControl-fullWidth"
        style="height: 100px;"
      >
        <div
          class="MuiInputBase-root MuiInput-root MuiInputBase-fullWidth MuiInput-fullWidth MuiInputBase-formControl MuiInput-formControl MuiInputBase-multiline MuiInput-multiline"
        >
          <textarea
            aria-invalid="false"
            class="MuiInputBase-input MuiInput-input MuiInputBase-inputMultiline MuiInput-inputMultiline"
            id="definitionsTekst_09Restriksjon-description"
            rows="1"
          />
          <textarea
            aria-hidden="true"
            class="MuiInputBase-input MuiInput-input MuiInputBase-inputMultiline MuiInput-inputMultiline"
            readonly=""
            style="visibility: hidden; position: absolute; overflow: hidden; height: 0px; top: 0px; left: 0px; transform: translateZ(0); width: 100%;"
            tabindex="-1"
          />
        </div>
      </div>
    </div>
  </div>
  <div
    class="MuiTabPanel-root"
    hidden=""
    role="tabpanel"
  />
  <div
    class="MuiTabPanel-root"
    hidden=""
    role="tabpanel"
  />
</div>
`;

exports[`Should match snapshot 1`] = `
<div
  class="makeStyles-root-1"
>
  <header
    class="MuiPaper-root MuiAppBar-root MuiAppBar-positionStatic MuiAppBar-colorDefault makeStyles-appBar-7 MuiPaper-elevation4"
  >
    <div
      class="MuiTabs-root"
    >
      <div
        class="MuiTabs-scroller MuiTabs-fixed"
        style="overflow: hidden;"
      >
        <div
          aria-label="inspector tabs"
          class="MuiTabs-flexContainer"
          role="tablist"
        >
          <button
            aria-selected="true"
            class="MuiButtonBase-root MuiTab-root Component-root-9 MuiTab-textColorInherit Mui-selected Component-selected-10"
            role="tab"
            tabindex="0"
            type="button"
          >
            <span
              class="MuiTab-wrapper"
            >
              properties
            </span>
            <span
              class="PrivateTabIndicator-root-11 PrivateTabIndicator-colorSecondary-13 MuiTabs-indicator"
            />
          </button>
          <button
            aria-selected="false"
            class="MuiButtonBase-root MuiTab-root Component-root-9 MuiTab-textColorInherit"
            role="tab"
            tabindex="-1"
            type="button"
          >
            <span
              class="MuiTab-wrapper"
            >
              restrictions
            </span>
          </button>
          <button
            aria-selected="false"
            class="MuiButtonBase-root MuiTab-root Component-root-9 MuiTab-textColorInherit"
            hidden=""
            role="tab"
            tabindex="-1"
            type="button"
          >
            <span
              class="MuiTab-wrapper"
            >
              fields
            </span>
          </button>
        </div>
      </div>
    </div>
  </header>
  <div
    class="MuiTabPanel-root"
    role="tabpanel"
  >
    <div>
      <p
        class="makeStyles-name-3"
      >
        name
      </p>
      <div
        class="MuiFormControl-root MuiTextField-root makeStyles-field-6 MuiFormControl-fullWidth"
      >
        <div
          class="MuiInputBase-root MuiInput-root MuiInputBase-fullWidth MuiInput-fullWidth MuiInputBase-formControl MuiInput-formControl"
        >
          <input
            aria-invalid="false"
            class="MuiInputBase-input MuiInput-input"
            id="definitionsKommentar2000Restriksjon-name"
            placeholder="Name"
            type="text"
            value=""
          />
        </div>
        
      </div>
      <p
        class="makeStyles-header-2"
      >
        object_kind_label
      </p>
      <div
        class="MuiInputBase-root MuiInput-root makeStyles-field-6 MuiInputBase-fullWidth MuiInput-fullWidth"
      >
        <div
          aria-haspopup="listbox"
          aria-labelledby="type-kind-select"
          class="MuiSelect-root MuiSelect-select MuiSelect-selectMenu MuiInputBase-input MuiInput-input"
          id="type-kind-select"
          role="button"
          tabindex="0"
        >
          type
        </div>
        <input
          aria-hidden="true"
          class="MuiSelect-nativeInput"
          tabindex="-1"
          value="type"
        />
        <svg
          aria-hidden="true"
          class="MuiSvgIcon-root MuiSelect-icon"
          focusable="false"
          viewBox="0 0 24 24"
        >
          <path
            d="M7 10l5 5 5-5z"
          />
        </svg>
      </div>
      <p
        class="makeStyles-header-2"
      >
        Type
      </p>
      <div
        class="MuiInputBase-root MuiInput-root makeStyles-root-15 MuiInputBase-fullWidth MuiInput-fullWidth"
      >
        <div
          aria-haspopup="listbox"
          aria-labelledby="definitionsKommentar2000Restriksjon-type-select"
          class="MuiSelect-root MuiSelect-select MuiSelect-selectMenu MuiInputBase-input MuiInput-input"
          id="definitionsKommentar2000Restriksjon-type-select"
          role="button"
          tabindex="0"
        >
          <span>
            â€‹
          </span>
        </div>
        <input
          aria-hidden="true"
          class="MuiSelect-nativeInput"
          tabindex="-1"
          value=""
        />
        <svg
          aria-hidden="true"
          class="MuiSvgIcon-root MuiSelect-icon"
          focusable="false"
          viewBox="0 0 24 24"
        >
          <path
            d="M7 10l5 5 5-5z"
          />
        </svg>
      </div>
      <label
        class="MuiFormControlLabel-root makeStyles-header-2"
        id="multiple-answers-checkbox"
      >
        <span
          aria-disabled="false"
          class="MuiButtonBase-root MuiIconButton-root PrivateSwitchBase-root-16 MuiCheckbox-root MuiCheckbox-colorSecondary MuiIconButton-colorSecondary"
        >
          <span
            class="MuiIconButton-label"
          >
            <input
              class="PrivateSwitchBase-input-19"
              data-indeterminate="false"
              name="checkedMultipleAnswers"
              type="checkbox"
              value=""
            />
            <svg
              aria-hidden="true"
              class="MuiSvgIcon-root"
              focusable="false"
              viewBox="0 0 24 24"
            >
              <path
                d="M19 5v14H5V5h14m0-2H5c-1.1 0-2 .9-2 2v14c0 1.1.9 2 2 2h14c1.1 0 2-.9 2-2V5c0-1.1-.9-2-2-2z"
              />
            </svg>
          </span>
        </span>
        <span
          class="MuiTypography-root MuiFormControlLabel-label MuiTypography-body1"
        >
          multiple_answers
        </span>
      </label>
      <hr
        class="makeStyles-divider-4"
      />
      <p
        class="makeStyles-header-2"
      >
        descriptive_fields
      </p>
      <p
        class="makeStyles-header-2"
      >
        title
      </p>
      <div
        class="MuiFormControl-root MuiTextField-root makeStyles-field-6 MuiFormControl-marginNormal MuiFormControl-fullWidth"
      >
        <div
          class="MuiInputBase-root MuiInput-root MuiInputBase-fullWidth MuiInput-fullWidth MuiInputBase-formControl MuiInput-formControl"
        >
          <input
            aria-invalid="false"
            class="MuiInputBase-input MuiInput-input"
            id="definitionsKommentar2000Restriksjon-title"
            type="text"
            value=""
          />
        </div>
      </div>
      <p
        class="makeStyles-header-2"
      >
        description
      </p>
      <div
        class="MuiFormControl-root MuiTextField-root makeStyles-field-6 MuiFormControl-marginNormal MuiFormControl-fullWidth"
        style="height: 100px;"
      >
        <div
          class="MuiInputBase-root MuiInput-root MuiInputBase-fullWidth MuiInput-fullWidth MuiInputBase-formControl MuiInput-formControl MuiInputBase-multiline MuiInput-multiline"
        >
          <textarea
            aria-invalid="false"
            class="MuiInputBase-input MuiInput-input MuiInputBase-inputMultiline MuiInput-inputMultiline"
            id="definitionsKommentar2000Restriksjon-description"
            rows="1"
          />
          <textarea
            aria-hidden="true"
            class="MuiInputBase-input MuiInput-input MuiInputBase-inputMultiline MuiInput-inputMultiline"
            readonly=""
            style="visibility: hidden; position: absolute; overflow: hidden; height: 0px; top: 0px; left: 0px; transform: translateZ(0); width: 100%;"
            tabindex="-1"
          />
        </div>
      </div>
    </div>
  </div>
  <div
    class="MuiTabPanel-root"
    hidden=""
    role="tabpanel"
  />
  <div
    class="MuiTabPanel-root"
    hidden=""
    role="tabpanel"
  />
</div>
`;
