// Jest Snapshot v1, https://goo.gl/fbAQLP

exports[`>>> components/base/ParagraphComponent.tsx --- Snapshot +++ should match snapshot 1`] = `
<span
  id="mock-id"
>
  Here goes a paragraph
</span>
`;
