// Jest Snapshot v1, https://goo.gl/fbAQLP

exports[`>>> components/base/TextAreaComponent.tsx +++ should match snapshot 1`] = `
<div
  className="a-form-group-items input-group p-0"
>
  <textarea
    className="form-control a-textarea "
    disabled={false}
    id="mock-id"
    onBlur={[Function]}
    onChange={[Function]}
    style={
      Object {
        "resize": "none",
      }
    }
  />
</div>
`;
