// Jest Snapshot v1, https://goo.gl/fbAQLP

exports[`>>> features/form/components/Form.tsx +++ should match snapshot 1`] = `
<div
  className="MuiGrid-root MuiGrid-container MuiGrid-spacing-xs-3 MuiGrid-align-items-xs-flex-start"
/>
`;
