// Jest Snapshot v1, https://goo.gl/fbAQLP

exports[`>>> DeleteDialog.tsx +++ Should match snapshot with the least amount of params 1`] = `"<div role=\\"presentation\\" class=\\"MuiPopover-root\\" style=\\"position: fixed; z-index: 1300; right: 0px; bottom: 0px; top: 0px; left: 0px;\\"><div aria-hidden=\\"true\\" style=\\"z-index: -1; position: fixed; right: 0px; bottom: 0px; top: 0px; left: 0px; background-color: transparent;\\"></div><div tabindex=\\"0\\" data-test=\\"sentinelStart\\"></div><div class=\\"MuiPaper-root MuiPopover-paper MuiPaper-elevation8\\" style=\\"opacity: 1; transform: scale(1, 1); transition: opacity 0ms cubic-bezier(0.4, 0, 0.2, 1) 0ms,transform 0ms cubic-bezier(0.4, 0, 0.2, 1) 0ms; top: 16px; left: 16px; transform-origin: -16px -16px;\\" tabindex=\\"-1\\"><div class=\\"MuiGrid-root makeStyles-popover-10 MuiGrid-container MuiGrid-direction-xs-column\\"><p class=\\"MuiTypography-root makeStyles-subHeader-9 MuiTypography-body1\\">administration.delete_model_confirm</p><div><button class=\\"MuiButtonBase-root MuiButton-root MuiButton-contained makeStyles-buttonCommon-2 makeStyles-buttonConfirm-4 MuiButton-containedPrimary\\" tabindex=\\"0\\" type=\\"button\\" id=\\"confirm-delete-button\\"><span class=\\"MuiButton-label\\">general.continue</span><span class=\\"MuiTouchRipple-root\\"></span></button><button class=\\"MuiButtonBase-root MuiButton-root MuiButton-text makeStyles-buttonCommon-2 makeStyles-buttonCancel-3 MuiButton-textPrimary\\" tabindex=\\"0\\" type=\\"button\\"><span class=\\"MuiButton-label\\"><span class=\\"makeStyles-borderBottom-1\\">general.cancel</span></span><span class=\\"MuiTouchRipple-root\\"></span></button></div></div></div><div tabindex=\\"0\\" data-test=\\"sentinelEnd\\"></div></div>"`;
