// Jest Snapshot v1, https://goo.gl/fbAQLP

exports[`>>> AltinnSearchInput--- Snapshot +++ Should match snapshot with the least amount of params 1`] = `
<div
  className="MuiFormControl-root AltinnSearchInput-searchBox-1 MuiFormControl-fullWidth"
>
  <div
    className="MuiFormControl-root MuiTextField-root"
  >
    <div
      className="MuiInputBase-root MuiInput-root AltinnSearchInput-searchBoxInput-2 MuiInputBase-formControl MuiInput-formControl MuiInputBase-adornedStart"
      onClick={[Function]}
    >
      <div
        className="MuiInputAdornment-root AltinnSearchInput-searchBoxIcon-3 MuiInputAdornment-positionEnd"
      >
        <i
          className="fa fa-search"
        />
      </div>
      <input
        aria-invalid={false}
        className="MuiInputBase-input MuiInput-input MuiInputBase-inputAdornedStart"
        disabled={false}
        id="mock id"
        onBlur={[Function]}
        onChange={[Function]}
        onFocus={[Function]}
        placeholder="mock placeholder"
        required={false}
        type="text"
      />
    </div>
  </div>
</div>
`;
