// Jest Snapshot v1, https://goo.gl/fbAQLP

exports[`>>> components/base/HeaderComponent.tsx --- Snapshot +++ should match snapshot 1`] = `
<h4
  className="a-sectionSubTitle"
  id="test-id"
>
  test
</h4>
`;
