// Jest Snapshot v1, https://goo.gl/fbAQLP

exports[`>>> components/base/TextAreaComponent.tsx --- Snapshot >>> Capture snapshot of TextAreaComponent 1`] = `
<textarea
  className="form-control a-textarea"
  id="mock-id"
  onBlur={[Function]}
  onChange={[Function]}
/>
`;
