// Jest Snapshot v1, https://goo.gl/fbAQLP

exports[`>>> components/base/syncModal.tsx --- Snapshot +++ Should match snapshot when anchor element is null 1`] = `null`;
