// Jest Snapshot v1, https://goo.gl/fbAQLP

exports[`>>> components/message/ErrorPaper.tsx +++ should match snapshot 1`] = `
<div
  className="MuiPaper-root makeStyles-paper-1 MuiPaper-elevation1"
>
  <div
    className="MuiGrid-root makeStyles-grid-2 MuiGrid-container MuiGrid-align-items-xs-center"
  >
    <div
      className="MuiGrid-root MuiGrid-item MuiGrid-grid-xs-2"
      style={
        Object {
          "paddingRight": "6px",
        }
      }
    >
      <i
        className="ai ai-circle-exclamation"
      />
    </div>
    <div
      className="MuiGrid-root MuiGrid-item MuiGrid-grid-xs-10"
    >
      mock message
    </div>
  </div>
</div>
`;
