// Jest Snapshot v1, https://goo.gl/fbAQLP

exports[`>>> components/base/InputComponent.tsx --- Snapshot >>> Capture snapshot of InputComponent 1`] = `
<input
  className="form-control"
  id="mock-id"
  onBlur={[Function]}
  onChange={[Function]}
  value=""
/>
`;
