// Jest Snapshot v1, https://goo.gl/fbAQLP

exports[`>>> features/serviceOverview >>> Capture snapshot of serviceOverview 1`] = `null`;
