// Jest Snapshot v1, https://goo.gl/fbAQLP

exports[`>>> features/form/components/Group.tsx +++ should match snapshot 1`] = `
<div
  className="MuiGrid-root MuiGrid-container MuiGrid-item"
>
  <div
    className="MuiGrid-root MuiGrid-container MuiGrid-item"
    data-testid="group-mock-container-id"
    id="group-mock-container-id"
  >
    <div
      className="MuiGrid-root MuiTableContainer-root"
    >
      <table
        className="MuiTable-root makeStyles-table-1"
        role={null}
      >
        <thead
          className="MuiTableHead-root makeStyles-tableHeader-2"
          role={null}
        >
          <tr
            className="MuiTableRow-root MuiTableRow-head"
            role={null}
          >
            <th
              aria-sort={null}
              className="MuiTableCell-root MuiTableCell-head MuiTableCell-alignLeft"
              scope="col"
            >
              Title1
            </th>
            <th
              aria-sort={null}
              className="MuiTableCell-root MuiTableCell-head MuiTableCell-alignLeft"
              scope="col"
            >
              Title2
            </th>
            <th
              aria-sort={null}
              className="MuiTableCell-root MuiTableCell-head MuiTableCell-alignLeft"
              scope="col"
            >
              Title3
            </th>
            <th
              aria-sort={null}
              className="MuiTableCell-root MuiTableCell-head MuiTableCell-alignLeft"
              scope="col"
            >
              Title4
            </th>
            <th
              aria-sort={null}
              className="MuiTableCell-root MuiTableCell-head"
              scope="col"
            />
          </tr>
        </thead>
        <tbody
          className="MuiTableBody-root makeStyles-tableBody-3"
          role={null}
        >
          <tr
            className="MuiTableRow-root"
            role={null}
          >
            <td
              aria-sort={null}
              className="MuiTableCell-root MuiTableCell-body"
            >
              
            </td>
            <td
              aria-sort={null}
              className="MuiTableCell-root MuiTableCell-body"
            >
              
            </td>
            <td
              aria-sort={null}
              className="MuiTableCell-root MuiTableCell-body"
            >
              
            </td>
            <td
              aria-sort={null}
              className="MuiTableCell-root MuiTableCell-body"
            >
              
            </td>
            <td
              aria-sort={null}
              className="MuiTableCell-root MuiTableCell-body MuiTableCell-alignRight"
            >
              <button
                className="MuiButtonBase-root MuiIconButton-root"
                disabled={false}
                onBlur={[Function]}
                onClick={[Function]}
                onDragLeave={[Function]}
                onFocus={[Function]}
                onKeyDown={[Function]}
                onKeyUp={[Function]}
                onMouseDown={[Function]}
                onMouseLeave={[Function]}
                onMouseUp={[Function]}
                onTouchEnd={[Function]}
                onTouchMove={[Function]}
                onTouchStart={[Function]}
                style={
                  Object {
                    "color": "black",
                  }
                }
                tabIndex={0}
                type="button"
              >
                <span
                  className="MuiIconButton-label"
                >
                  Rediger
                  <i
                    className="fa fa-editing-file makeStyles-editIcon-6"
                  />
                </span>
                <span
                  className="MuiTouchRipple-root"
                />
              </button>
            </td>
          </tr>
          <tr
            className="MuiTableRow-root"
            role={null}
          >
            <td
              aria-sort={null}
              className="MuiTableCell-root MuiTableCell-body"
            >
              
            </td>
            <td
              aria-sort={null}
              className="MuiTableCell-root MuiTableCell-body"
            >
              
            </td>
            <td
              aria-sort={null}
              className="MuiTableCell-root MuiTableCell-body"
            >
              
            </td>
            <td
              aria-sort={null}
              className="MuiTableCell-root MuiTableCell-body"
            >
              Value to be shown
            </td>
            <td
              aria-sort={null}
              className="MuiTableCell-root MuiTableCell-body MuiTableCell-alignRight"
            >
              <button
                className="MuiButtonBase-root MuiIconButton-root"
                disabled={false}
                onBlur={[Function]}
                onClick={[Function]}
                onDragLeave={[Function]}
                onFocus={[Function]}
                onKeyDown={[Function]}
                onKeyUp={[Function]}
                onMouseDown={[Function]}
                onMouseLeave={[Function]}
                onMouseUp={[Function]}
                onTouchEnd={[Function]}
                onTouchMove={[Function]}
                onTouchStart={[Function]}
                style={
                  Object {
                    "color": "black",
                  }
                }
                tabIndex={0}
                type="button"
              >
                <span
                  className="MuiIconButton-label"
                >
                  Rediger
                  <i
                    className="fa fa-editing-file makeStyles-editIcon-6"
                  />
                </span>
                <span
                  className="MuiTouchRipple-root"
                />
              </button>
            </td>
          </tr>
          <tr
            className="MuiTableRow-root"
            role={null}
          >
            <td
              aria-sort={null}
              className="MuiTableCell-root MuiTableCell-body"
            >
              
            </td>
            <td
              aria-sort={null}
              className="MuiTableCell-root MuiTableCell-body"
            >
              
            </td>
            <td
              aria-sort={null}
              className="MuiTableCell-root MuiTableCell-body"
            >
              
            </td>
            <td
              aria-sort={null}
              className="MuiTableCell-root MuiTableCell-body"
            >
              
            </td>
            <td
              aria-sort={null}
              className="MuiTableCell-root MuiTableCell-body MuiTableCell-alignRight"
            >
              <button
                className="MuiButtonBase-root MuiIconButton-root"
                disabled={false}
                onBlur={[Function]}
                onClick={[Function]}
                onDragLeave={[Function]}
                onFocus={[Function]}
                onKeyDown={[Function]}
                onKeyUp={[Function]}
                onMouseDown={[Function]}
                onMouseLeave={[Function]}
                onMouseUp={[Function]}
                onTouchEnd={[Function]}
                onTouchMove={[Function]}
                onTouchStart={[Function]}
                style={
                  Object {
                    "color": "black",
                  }
                }
                tabIndex={0}
                type="button"
              >
                <span
                  className="MuiIconButton-label"
                >
                  Rediger
                  <i
                    className="fa fa-editing-file makeStyles-editIcon-6"
                  />
                </span>
                <span
                  className="MuiTouchRipple-root"
                />
              </button>
            </td>
          </tr>
          <tr
            className="MuiTableRow-root"
            role={null}
          >
            <td
              aria-sort={null}
              className="MuiTableCell-root MuiTableCell-body"
            >
              
            </td>
            <td
              aria-sort={null}
              className="MuiTableCell-root MuiTableCell-body"
            >
              
            </td>
            <td
              aria-sort={null}
              className="MuiTableCell-root MuiTableCell-body"
            >
              
            </td>
            <td
              aria-sort={null}
              className="MuiTableCell-root MuiTableCell-body"
            >
              
            </td>
            <td
              aria-sort={null}
              className="MuiTableCell-root MuiTableCell-body MuiTableCell-alignRight"
            >
              <button
                className="MuiButtonBase-root MuiIconButton-root"
                disabled={false}
                onBlur={[Function]}
                onClick={[Function]}
                onDragLeave={[Function]}
                onFocus={[Function]}
                onKeyDown={[Function]}
                onKeyUp={[Function]}
                onMouseDown={[Function]}
                onMouseLeave={[Function]}
                onMouseUp={[Function]}
                onTouchEnd={[Function]}
                onTouchMove={[Function]}
                onTouchStart={[Function]}
                style={
                  Object {
                    "color": "black",
                  }
                }
                tabIndex={0}
                type="button"
              >
                <span
                  className="MuiIconButton-label"
                >
                  Rediger
                  <i
                    className="fa fa-editing-file makeStyles-editIcon-6"
                  />
                </span>
                <span
                  className="MuiTouchRipple-root"
                />
              </button>
            </td>
          </tr>
        </tbody>
      </table>
    </div>
  </div>
  <div
    className="MuiGrid-root MuiGrid-container MuiGrid-justify-xs-flex-end"
  />
  <div
    className="MuiGrid-root MuiGrid-container MuiGrid-justify-xs-center"
  >
    <div
      className="MuiGrid-root makeStyles-addButton-12 MuiGrid-container MuiGrid-item MuiGrid-align-items-xs-center MuiGrid-justify-xs-center MuiGrid-grid-xs-12"
      onClick={[Function]}
      onKeyPress={[Function]}
      role="button"
      tabIndex={0}
    >
      <div
        className="MuiGrid-root MuiGrid-item"
      >
        <i
          className="fa fa-exit makeStyles-addIcon-14"
        />
      </div>
      <div
        className="MuiGrid-root MuiGrid-item"
      >
        <span
          className="makeStyles-addButtonText-13"
        >
          Legg til ny
            
        </span>
      </div>
    </div>
  </div>
</div>
`;
