// Jest Snapshot v1, https://goo.gl/fbAQLP

exports[`components/base/InputComponent.tsx feature/form/containers/RepeatingGroupTable -- should match snapshot 1`] = `
<DocumentFragment>
  <div
    class="MuiGrid-root MuiGrid-container MuiGrid-item"
    data-testid="group-mock-container-id"
    id="group-mock-container-id"
  >
    <div
      class="MuiGrid-root MuiTableContainer-root"
    >
      <table
        class="MuiTable-root makeStyles-table-1"
      >
        <thead
          class="MuiTableHead-root makeStyles-tableHeader-2"
        >
          <tr
            class="MuiTableRow-root MuiTableRow-head"
          >
            <th
              class="MuiTableCell-root MuiTableCell-head MuiTableCell-alignLeft"
              scope="col"
            >
              Title1
            </th>
            <th
              class="MuiTableCell-root MuiTableCell-head MuiTableCell-alignLeft"
              scope="col"
            >
              Title2
            </th>
            <th
              class="MuiTableCell-root MuiTableCell-head MuiTableCell-alignLeft"
              scope="col"
            >
              Title3
            </th>
            <th
              class="MuiTableCell-root MuiTableCell-head MuiTableCell-alignLeft"
              scope="col"
            >
              Title4
            </th>
            <th
              class="MuiTableCell-root MuiTableCell-head"
              scope="col"
            />
          </tr>
        </thead>
        <tbody
          class="MuiTableBody-root makeStyles-tableBody-3"
        >
          <tr
            class="MuiTableRow-root"
          >
            <td
              class="MuiTableCell-root MuiTableCell-body"
            />
            <td
              class="MuiTableCell-root MuiTableCell-body"
            />
            <td
              class="MuiTableCell-root MuiTableCell-body"
            />
            <td
              class="MuiTableCell-root MuiTableCell-body"
            />
            <td
              class="MuiTableCell-root MuiTableCell-body MuiTableCell-alignRight"
            >
              <button
                class="MuiButtonBase-root MuiIconButton-root"
                style="color: black;"
                tabindex="0"
                type="button"
              >
                <span
                  class="MuiIconButton-label"
                >
                  general.edit_alt
                  <i
                    class="fa fa-editing-file makeStyles-editIcon-6"
                  />
                </span>
                <span
                  class="MuiTouchRipple-root"
                />
              </button>
            </td>
          </tr>
          <tr
            class="MuiTableRow-root"
          >
            <td
              class="MuiTableCell-root MuiTableCell-body"
            />
            <td
              class="MuiTableCell-root MuiTableCell-body"
            />
            <td
              class="MuiTableCell-root MuiTableCell-body"
            />
            <td
              class="MuiTableCell-root MuiTableCell-body"
            />
            <td
              class="MuiTableCell-root MuiTableCell-body MuiTableCell-alignRight"
            >
              <button
                class="MuiButtonBase-root MuiIconButton-root"
                style="color: black;"
                tabindex="0"
                type="button"
              >
                <span
                  class="MuiIconButton-label"
                >
                  general.edit_alt
                  <i
                    class="fa fa-editing-file makeStyles-editIcon-6"
                  />
                </span>
                <span
                  class="MuiTouchRipple-root"
                />
              </button>
            </td>
          </tr>
          <tr
            class="MuiTableRow-root"
          >
            <td
              class="MuiTableCell-root MuiTableCell-body"
            />
            <td
              class="MuiTableCell-root MuiTableCell-body"
            />
            <td
              class="MuiTableCell-root MuiTableCell-body"
            />
            <td
              class="MuiTableCell-root MuiTableCell-body"
            />
            <td
              class="MuiTableCell-root MuiTableCell-body MuiTableCell-alignRight"
            >
              <button
                class="MuiButtonBase-root MuiIconButton-root"
                style="color: black;"
                tabindex="0"
                type="button"
              >
                <span
                  class="MuiIconButton-label"
                >
                  general.edit_alt
                  <i
                    class="fa fa-editing-file makeStyles-editIcon-6"
                  />
                </span>
                <span
                  class="MuiTouchRipple-root"
                />
              </button>
            </td>
          </tr>
          <tr
            class="MuiTableRow-root"
          >
            <td
              class="MuiTableCell-root MuiTableCell-body"
            />
            <td
              class="MuiTableCell-root MuiTableCell-body"
            />
            <td
              class="MuiTableCell-root MuiTableCell-body"
            />
            <td
              class="MuiTableCell-root MuiTableCell-body"
            />
            <td
              class="MuiTableCell-root MuiTableCell-body MuiTableCell-alignRight"
            >
              <button
                class="MuiButtonBase-root MuiIconButton-root"
                style="color: black;"
                tabindex="0"
                type="button"
              >
                <span
                  class="MuiIconButton-label"
                >
                  general.edit_alt
                  <i
                    class="fa fa-editing-file makeStyles-editIcon-6"
                  />
                </span>
                <span
                  class="MuiTouchRipple-root"
                />
              </button>
            </td>
          </tr>
        </tbody>
      </table>
    </div>
  </div>
</DocumentFragment>
`;
