// Jest Snapshot v1, https://goo.gl/fbAQLP

exports[`>>> AltinnSubstatusPaper.tsx +++ should match snapshot 1`] = `
<div
  className="MuiPaper-root makeStyles-paper-1 MuiPaper-elevation0 MuiPaper-rounded"
>
  <div
    className="MuiGrid-root MuiGrid-container MuiGrid-direction-xs-column"
  >
    <div
      className="MuiGrid-root MuiGrid-item"
    >
      <p
        className="MuiTypography-root MuiTypography-body1"
        id="substatus-label"
        style={
          Object {
            "fontSize": "2.4rem",
            "marginBottom": "0.8rem",
          }
        }
      >
        The label
      </p>
    </div>
    <div
      className="MuiGrid-root MuiGrid-item"
    >
      <p
        className="MuiTypography-root MuiTypography-body1"
        id="substatus-description"
        style={
          Object {
            "fontSize": "1.8rem",
          }
        }
      >
        The description
      </p>
    </div>
  </div>
</div>
`;
