// Jest Snapshot v1, https://goo.gl/fbAQLP

exports[`>>> components/base/DropdownComponent.tsx --- Snapshot >>> Capture snapshot of DropdownComponent 1`] = `
<DocumentFragment>
  <select
    class="makeStyles-select-1 custom-select a-custom-select"
    id="mock-id"
  >
    <option
      style="display: none;"
    />
    <option
      value="some_value"
    >
      test
    </option>
    <option
      value="some_value_2"
    >
      test
    </option>
  </select>
</DocumentFragment>
`;
