// Jest Snapshot v1, https://goo.gl/fbAQLP

exports[`>>> components/base/HeaderComponent.tsx --- Snapshot +++ should match snapshot 1`] = `
<h4
  id="mock-id"
  style={
    Object {
      "marginBottom": "0",
      "marginTop": "4.8rem",
    }
  }
>
  test
</h4>
`;
