// Jest Snapshot v1, https://goo.gl/fbAQLP

exports[`components/base/InputComponent.tsx components/base/InputComponent.tsx -- should match snapshot 1`] = `
<DocumentFragment>
  <input
    aria-describedby="description-mock-id"
    class="form-control"
    data-testid="mock-id"
    id="mock-id"
    type="Input"
    value=""
  />
</DocumentFragment>
`;
